// Jest Snapshot v1, https://goo.gl/fbAQLP

exports[`autify mobile test run https://mobile-app.autify.com/projects/AAA/test_plans/BBB --build-path /path/to/app-debug.apk 1`] = `
Object {
  "stderr": "",
  "stdout": "[HPM] Proxy created: /  -> https://app.autify.com
[HPM] Proxy created: /  -> https://mobile-app.autify.com
✅ Successfully uploaded android.apk (ID: OyuYe4). See https://mobile-app.autify.com/projects/nYmF1n/builds?os=android&selectedBuildId=OyuYe4&page=1
✅ Successfully started: https://mobile-app.autify.com/projects/nYmF1n/results/lDt7k1
To wait for the test result, run the command below:
💻 $ autify mobile test wait https://mobile-app.autify.com/projects/nYmF1n/results/lDt7k1
[HPM] server close signal received: closing proxy server
",
}
`;
