// Jest Snapshot v1, https://goo.gl/fbAQLP

exports[`autify mobile build upload /path/to/ios.app --workspace-id AAA 1`] = `
{
  "stderr": "",
  "stdout": "[HPM] Proxy created: /  -> https://app.autify.com
[HPM] Proxy created: /  -> https://mobile-app.autify.com
✅ Successfully uploaded ios.app (ID: zWu3MX). See https://mobile-app.autify.com/projects/4yyFEL/builds?os=ios&selectedBuildId=zWu3MX&page=1
[HPM] server close signal received: closing proxy server
",
}
`;
