// Jest Snapshot v1, https://goo.gl/fbAQLP

exports[`autify web test run https://app.autify.com/projects/0000/scenarios/0000 --wait --autify-connect-client 1`] = `
Object {
  "stderr": "",
  "stdout": "[HPM] Proxy created: /  -> https://app.autify.com
[HPM] Proxy created: /  -> https://mobile-app.autify.com
Starting Autify Connect Client for Access Point \\"autify-cli-7a864685-ec4b-48cd-b9cf-2d39c35ae863\\" (Autify Connect version fake)...
Waiting until Autify Connect Client is ready...
[Autify Connect Client] YYYY-MM-DDTHH:MM:SS.MMMZ info 	start serving a debug server on http://localhost:3000
[Autify Connect Client] YYYY-MM-DDTHH:MM:SS.MMMZ info 	Starting to establish a secure connection with the Autify connect server. Your session ID is \\"fake\\".
[Autify Connect Client] YYYY-MM-DDTHH:MM:SS.MMMZ info 	Successfully connected!
Autify Connect Client is ready!
✅ Successfully started: https://app.autify.com/projects/743/results/1172264 (Capability is Linux Chrome 104.0)
🕐 Waiting for the test result: https://app.autify.com/projects/743/results/1172264
[HH:MM:SS] Waiting... (timeout: 300 s) [started]
[HH:MM:SS] → TestPlan: 🚗 Running, TestCases: 🚗 Running
[HH:MM:SS] → TestPlan: 🚗 Running, TestCases: 🚗 Running
[HH:MM:SS] → TestPlan: 🚗 Running, TestCases: 🚗 Running
[HH:MM:SS] → TestPlan: 🚗 Running, TestCases: 🚗 Running
[HH:MM:SS] → TestPlan: 🚗 Running, TestCases: 🚗 Running
[HH:MM:SS] → TestPlan: 🚗 Running, TestCases: 🚗 Running
[HH:MM:SS] → TestPlan: 🚗 Running, TestCases: 🚗 Running
[HH:MM:SS] → TestPlan: 🚗 Running, TestCases: 🚗 Running
[HH:MM:SS] → TestPlan: 🚗 Running, TestCases: 🚗 Running
[HH:MM:SS] → TestPlan: 👍 Passed , TestCases: 👍 Passed 
[HH:MM:SS] Waiting... (timeout: 300 s) [completed]
✅ Test passed!: https://app.autify.com/projects/743/results/1172264
Waiting until Autify Connect Client exits...
Autify Connect Access Point was deleted: \\"autify-cli-7a864685-ec4b-48cd-b9cf-2d39c35ae863\\"
Autify Connect Client exited
[HPM] server close signal received: closing proxy server
",
}
`;
