// Jest Snapshot v1, https://goo.gl/fbAQLP

exports[`autify web test run https://app.autify.com/projects/0000/test_plans/0000 --wait --autify-connect-client 1`] = `
Object {
  "stderr": "",
  "stdout": "[HPM] Proxy created: /  -> https://app.autify.com
[HPM] Proxy created: /  -> https://mobile-app.autify.com
[Autify Connect Manager]  YYYY-MM-DDTHH:MM:SS.MMMZ	info	Ephemeral Access Point was created: autify-cli-576f4b9e-2bb5-4c65-8820-586d92b60c81
Starting Autify Connect Client...
[Autify Connect Manager]  YYYY-MM-DDTHH:MM:SS.MMMZ	info	Starting Autify Connect Client (accessPoint: autify-cli-576f4b9e-2bb5-4c65-8820-586d92b60c81, debugServerPort: <random>, path: /path/to/autifyconnect, version: Autify Connect version v0.6.3, build 7da4a94)
Waiting until Autify Connect Client is ready...
[Autify Connect Client]   YYYY-MM-DDTHH:MM:SS.MMMZ	info	start serving a debug server on http://localhost:<random>
[Autify Connect Client]   YYYY-MM-DDTHH:MM:SS.MMMZ	info	Starting to establish a secure connection with the Autify connect server. Your session ID is \\"fake\\".
[Autify Connect Client]   YYYY-MM-DDTHH:MM:SS.MMMZ	info	Successfully connected!
Autify Connect Client is ready!
✅ Successfully started: https://app.autify.com/projects/743/results/1222374 (Capability is configured by test plan)
🕐 Waiting for the test result: https://app.autify.com/projects/743/results/1222374
[HH:MM:SS] Waiting... (timeout: 300 s) [started]
[HH:MM:SS] → TestPlan: 🚗 Running, TestCases: 🚗 Running
[HH:MM:SS] → TestPlan: 🚗 Running, TestCases: 🚗 Running
[HH:MM:SS] → TestPlan: 🚗 Running, TestCases: 🚗 Running
[HH:MM:SS] → TestPlan: 🚗 Running, TestCases: 🚗 Running
[HH:MM:SS] → TestPlan: 🚗 Running, TestCases: 🚗 Running
[HH:MM:SS] → TestPlan: 🚗 Running, TestCases: 🚗 Running
[HH:MM:SS] → TestPlan: 🚗 Running, TestCases: 🚗 Running
[HH:MM:SS] → TestPlan: 🚗 Running, TestCases: 🚗 Running
[HH:MM:SS] → TestPlan: 👍 Passed , TestCases: 👍 Passed 
[HH:MM:SS] Waiting... (timeout: 300 s) [completed]
✅ Test passed!: https://app.autify.com/projects/743/results/1222374
Waiting until Autify Connect Client exits...
[Autify Connect Client]   YYYY-MM-DDTHH:MM:SS.MMMZ	info	Interrupt received.
[Autify Connect Client]   YYYY-MM-DDTHH:MM:SS.MMMZ	info	Shutdown completed.
[Autify Connect Manager]  YYYY-MM-DDTHH:MM:SS.MMMZ	info	Ephemeral Access Point was deleted: autify-cli-576f4b9e-2bb5-4c65-8820-586d92b60c81
[Autify Connect Manager]  YYYY-MM-DDTHH:MM:SS.MMMZ	info	Autify Connect Client exited (code: 0, signal: null)
Autify Connect Client exited.
[HPM] server close signal received: closing proxy server
",
}
`;
